Archive member included to satisfy reference by file (symbol)

C:/ST/STM32CubeIDE_1.19.0/STM32CubeIDE/plugins/com.st.stm32cube.ide.mcu.externaltools.gnu-tools-for-stm32.13.3.rel1.win32_1.0.100.202509120712/tools/bin/../lib/gcc/arm-none-eabi/13.3.1/thumb/v7e-m+fp/hard\libgcc.a(_aeabi_uldivmod.o)
                              C:/Users/Ahmed Izzat/Downloads/SKEE_3223/Board_Test/config_default/cmake/stm32cubemx/CMakeFiles/STM32_Drivers.dir/__/__/Drivers/STM32F4xx_HAL_Driver/Src/stm32f4xx_hal_rcc.c.obj (__aeabi_uldivmod)
C:/ST/STM32CubeIDE_1.19.0/STM32CubeIDE/plugins/com.st.stm32cube.ide.mcu.externaltools.gnu-tools-for-stm32.13.3.rel1.win32_1.0.100.202509120712/tools/bin/../lib/gcc/arm-none-eabi/13.3.1/thumb/v7e-m+fp/hard\libgcc.a(_udivmoddi4.o)
                              C:/ST/STM32CubeIDE_1.19.0/STM32CubeIDE/plugins/com.st.stm32cube.ide.mcu.externaltools.gnu-tools-for-stm32.13.3.rel1.win32_1.0.100.202509120712/tools/bin/../lib/gcc/arm-none-eabi/13.3.1/thumb/v7e-m+fp/hard\libgcc.a(_aeabi_uldivmod.o) (__udivmoddi4)
C:/ST/STM32CubeIDE_1.19.0/STM32CubeIDE/plugins/com.st.stm32cube.ide.mcu.externaltools.gnu-tools-for-stm32.13.3.rel1.win32_1.0.100.202509120712/tools/bin/../lib/gcc/arm-none-eabi/13.3.1/thumb/v7e-m+fp/hard\libgcc.a(_dvmd_tls.o)
                              C:/ST/STM32CubeIDE_1.19.0/STM32CubeIDE/plugins/com.st.stm32cube.ide.mcu.externaltools.gnu-tools-for-stm32.13.3.rel1.win32_1.0.100.202509120712/tools/bin/../lib/gcc/arm-none-eabi/13.3.1/thumb/v7e-m+fp/hard\libgcc.a(_aeabi_uldivmod.o) (__aeabi_ldiv0)
C:/ST/STM32CubeIDE_1.19.0/STM32CubeIDE/plugins/com.st.stm32cube.ide.mcu.externaltools.gnu-tools-for-stm32.13.3.rel1.win32_1.0.100.202509120712/tools/bin/../lib/gcc/arm-none-eabi/13.3.1/../../../../arm-none-eabi/lib/thumb/v7e-m+fp/hard\libg_nano.a(libc_a-exit.o)
                              C:/ST/STM32CubeIDE_1.19.0/STM32CubeIDE/plugins/com.st.stm32cube.ide.mcu.externaltools.gnu-tools-for-stm32.13.3.rel1.win32_1.0.100.202509120712/tools/bin/../lib/gcc/arm-none-eabi/13.3.1/../../../../arm-none-eabi/lib/thumb/v7e-m+fp/hard/crt0.o (exit)
C:/ST/STM32CubeIDE_1.19.0/STM32CubeIDE/plugins/com.st.stm32cube.ide.mcu.externaltools.gnu-tools-for-stm32.13.3.rel1.win32_1.0.100.202509120712/tools/bin/../lib/gcc/arm-none-eabi/13.3.1/../../../../arm-none-eabi/lib/thumb/v7e-m+fp/hard\libg_nano.a(libc_a-findfp.o)
                              C:/ST/STM32CubeIDE_1.19.0/STM32CubeIDE/plugins/com.st.stm32cube.ide.mcu.externaltools.gnu-tools-for-stm32.13.3.rel1.win32_1.0.100.202509120712/tools/bin/../lib/gcc/arm-none-eabi/13.3.1/../../../../arm-none-eabi/lib/thumb/v7e-m+fp/hard\libg_nano.a(libc_a-exit.o) (__stdio_exit_handler)
C:/ST/STM32CubeIDE_1.19.0/STM32CubeIDE/plugins/com.st.stm32cube.ide.mcu.externaltools.gnu-tools-for-stm32.13.3.rel1.win32_1.0.100.202509120712/tools/bin/../lib/gcc/arm-none-eabi/13.3.1/../../../../arm-none-eabi/lib/thumb/v7e-m+fp/hard\libg_nano.a(libc_a-fwalk.o)
                              C:/ST/STM32CubeIDE_1.19.0/STM32CubeIDE/plugins/com.st.stm32cube.ide.mcu.externaltools.gnu-tools-for-stm32.13.3.rel1.win32_1.0.100.202509120712/tools/bin/../lib/gcc/arm-none-eabi/13.3.1/../../../../arm-none-eabi/lib/thumb/v7e-m+fp/hard\libg_nano.a(libc_a-findfp.o) (_fwalk_sglue)
C:/ST/STM32CubeIDE_1.19.0/STM32CubeIDE/plugins/com.st.stm32cube.ide.mcu.externaltools.gnu-tools-for-stm32.13.3.rel1.win32_1.0.100.202509120712/tools/bin/../lib/gcc/arm-none-eabi/13.3.1/../../../../arm-none-eabi/lib/thumb/v7e-m+fp/hard\libg_nano.a(libc_a-stdio.o)
                              C:/ST/STM32CubeIDE_1.19.0/STM32CubeIDE/plugins/com.st.stm32cube.ide.mcu.externaltools.gnu-tools-for-stm32.13.3.rel1.win32_1.0.100.202509120712/tools/bin/../lib/gcc/arm-none-eabi/13.3.1/../../../../arm-none-eabi/lib/thumb/v7e-m+fp/hard\libg_nano.a(libc_a-findfp.o) (__sread)
C:/ST/STM32CubeIDE_1.19.0/STM32CubeIDE/plugins/com.st.stm32cube.ide.mcu.externaltools.gnu-tools-for-stm32.13.3.rel1.win32_1.0.100.202509120712/tools/bin/../lib/gcc/arm-none-eabi/13.3.1/../../../../arm-none-eabi/lib/thumb/v7e-m+fp/hard\libg_nano.a(libc_a-memset.o)
                              C:/ST/STM32CubeIDE_1.19.0/STM32CubeIDE/plugins/com.st.stm32cube.ide.mcu.externaltools.gnu-tools-for-stm32.13.3.rel1.win32_1.0.100.202509120712/tools/bin/../lib/gcc/arm-none-eabi/13.3.1/../../../../arm-none-eabi/lib/thumb/v7e-m+fp/hard/crt0.o (memset)
C:/ST/STM32CubeIDE_1.19.0/STM32CubeIDE/plugins/com.st.stm32cube.ide.mcu.externaltools.gnu-tools-for-stm32.13.3.rel1.win32_1.0.100.202509120712/tools/bin/../lib/gcc/arm-none-eabi/13.3.1/../../../../arm-none-eabi/lib/thumb/v7e-m+fp/hard\libg_nano.a(libc_a-closer.o)
                              C:/ST/STM32CubeIDE_1.19.0/STM32CubeIDE/plugins/com.st.stm32cube.ide.mcu.externaltools.gnu-tools-for-stm32.13.3.rel1.win32_1.0.100.202509120712/tools/bin/../lib/gcc/arm-none-eabi/13.3.1/../../../../arm-none-eabi/lib/thumb/v7e-m+fp/hard\libg_nano.a(libc_a-stdio.o) (_close_r)
[...]
Memory Configuration

Name             Origin             Length             Attributes
RAM              0x20000000         0x00020000         xrw
FLASH            0x08000000         0x00080000         xr
*default*        0x00000000         0xffffffff

Linker script and memory map

LOAD C:/ST/STM32CubeIDE_1.19.0/STM32CubeIDE/plugins/com.st.stm32cube.ide.mcu.externaltools.gnu-tools-for-stm32.13.3.rel1.win32_1.0.100.202509120712/tools/bin/../lib/gcc/arm-none-eabi/13.3.1/thumb/v7e-m+fp/hard/crti.o
LOAD C:/ST/STM32CubeIDE_1.19.0/STM32CubeIDE/plugins/com.st.stm32cube.ide.mcu.externaltools.gnu-tools-for-stm32.13.3.rel1.win32_1.0.100.202509120712/tools/bin/../lib/gcc/arm-none-eabi/13.3.1/thumb/v7e-m+fp/hard/crtbegin.o
LOAD C:/ST/STM32CubeIDE_1.19.0/STM32CubeIDE/plugins/com.st.stm32cube.ide.mcu.externaltools.gnu-tools-for-stm32.13.3.rel1.win32_1.0.100.202509120712/tools/bin/../lib/gcc/arm-none-eabi/13.3.1/../../../../arm-none-eabi/lib/thumb/v7e-m+fp/hard/crt0.o
LOAD CMakeFiles/Board_Test.dir/Core/Src/main.c.obj
LOAD CMakeFiles/Board_Test.dir/Core/Src/stm32f4xx_it.c.obj
LOAD CMakeFiles/Board_Test.dir/Core/Src/stm32f4xx_hal_msp.c.obj
LOAD CMakeFiles/Board_Test.dir/Core/Src/sysmem.c.obj
LOAD CMakeFiles/Board_Test.dir/Core/Src/syscalls.c.obj
LOAD CMakeFiles/Board_Test.dir/startup_stm32f411xe.s.obj
LOAD C:/Users/Ahmed Izzat/Downloads/SKEE_3223/Board_Test/config_default/cmake/stm32cubemx/CMakeFiles/STM32_Drivers.dir/__/__/Core/Src/system_stm32f4xx.c.obj
LOAD C:/Users/Ahmed Izzat/Downloads/SKEE_3223/Board_Test/config_default/cmake/stm32cubemx/CMakeFiles/STM32_Drivers.dir/__/__/Drivers/STM32F4xx_HAL_Driver/Src/stm32f4xx_hal_rcc.c.obj
LOAD C:/Users/Ahmed Izzat/Downloads/SKEE_3223/Board_Test/config_default/cmake/stm32cubemx/CMakeFiles/STM32_Drivers.dir/__/__/Drivers/STM32F4xx_HAL_Driver/Src/stm32f4xx_hal_rcc_ex.c.obj
LOAD C:/Users/Ahmed Izzat/Downloads/SKEE_3223/Board_Test/config_default/cmake/stm32cubemx/CMakeFiles/STM32_Drivers.dir/__/__/Drivers/STM32F4xx_HAL_Driver/Src/stm32f4xx_hal_flash.c.obj
LOAD C:/Users/Ahmed Izzat/Downloads/SKEE_3223/Board_Test/config_default/cmake/stm32cubemx/CMakeFiles/STM32_Drivers.dir/__/__/Drivers/STM32F4xx_HAL_Driver/Src/stm32f4xx_hal_flash_ex.c.obj
LOAD C:/Users/Ahmed Izzat/Downloads/SKEE_3223/Board_Test/config_default/cmake/stm32cubemx/CMakeFiles/STM32_Drivers.dir/__/__/Drivers/STM32F4xx_HAL_Driver/Src/stm32f4xx_hal_flash_ramfunc.c.obj
LOAD C:/Users/Ahmed Izzat/Downloads/SKEE_3223/Board_Test/config_default/cmake/stm32cubemx/CMakeFiles/STM32_Drivers.dir/__/__/Drivers/STM32F4xx_HAL_Driver/Src/stm32f4xx_hal_gpio.c.obj
LOAD C:/Users/Ahmed Izzat/Downloads/SKEE_3223/Board_Test/config_default/cmake/stm32cubemx/CMakeFiles/STM32_Drivers.dir/__/__/Drivers/STM32F4xx_HAL_Driver/Src/stm32f4xx_hal_dma_ex.c.obj
LOAD C:/Users/Ahmed Izzat/Downloads/SKEE_3223/Board_Test/config_default/cmake/stm32cubemx/CMakeFiles/STM32_Drivers.dir/__/__/Drivers/STM32F4xx_HAL_Driver/Src/stm32f4xx_hal_dma.c.obj
LOAD C:/Users/Ahmed Izzat/Downloads/SKEE_3223/Board_Test/config_default/cmake/stm32cubemx/CMakeFiles/STM32_Drivers.dir/__/__/Drivers/STM32F4xx_HAL_Driver/Src/stm32f4xx_hal_pwr.c.obj
LOAD C:/Users/Ahmed Izzat/Downloads/SKEE_3223/Board_Test/config_default/cmake/stm32cubemx/CMakeFiles/STM32_Drivers.dir/__/__/Drivers/STM32F4xx_HAL_Driver/Src/stm32f4xx_hal_pwr_ex.c.obj
LOAD C:/Users/Ahmed Izzat/Downloads/SKEE_3223/Board_Test/config_default/cmake/stm32cubemx/CMakeFiles/STM32_Drivers.dir/__/__/Drivers/STM32F4xx_HAL_Driver/Src/stm32f4xx_hal_cortex.c.obj
LOAD C:/Users/Ahmed Izzat/Downloads/SKEE_3223/Board_Test/config_default/cmake/stm32cubemx/CMakeFiles/STM32_Drivers.dir/__/__/Drivers/STM32F4xx_HAL_Driver/Src/stm32f4xx_hal.c.obj
LOAD C:/Users/Ahmed Izzat/Downloads/SKEE_3223/Board_Test/config_default/cmake/stm32cubemx/CMakeFiles/STM32_Drivers.dir/__/__/Drivers/STM32F4xx_HAL_Driver/Src/stm32f4xx_hal_exti.c.obj
LOAD C:/ST/STM32CubeIDE_1.19.0/STM32CubeIDE/plugins/com.st.stm32cube.ide.mcu.externaltools.gnu-tools-for-stm32.13.3.rel1.win32_1.0.100.202509120712/tools/bin/../lib/gcc/arm-none-eabi/13.3.1/../../../../arm-none-eabi/lib/thumb/v7e-m+fp/hard\libm.a
START GROUP
LOAD C:/ST/STM32CubeIDE_1.19.0/STM32CubeIDE/plugins/com.st.stm32cube.ide.mcu.externaltools.gnu-tools-for-stm32.13.3.rel1.win32_1.0.100.202509120712/tools/bin/../lib/gcc/arm-none-eabi/13.3.1/thumb/v7e-m+fp/hard\libgcc.a
LOAD C:/ST/STM32CubeIDE_1.19.0/STM32CubeIDE/plugins/com.st.stm32cube.ide.mcu.externaltools.gnu-tools-for-stm32.13.3.rel1.win32_1.0.100.202509120712/tools/bin/../lib/gcc/arm-none-eabi/13.3.1/../../../../arm-none-eabi/lib/thumb/v7e-m+fp/hard\libg_nano.a
LOAD C:/ST/STM32CubeIDE_1.19.0/STM32CubeIDE/plugins/com.st.stm32cube.ide.mcu.externaltools.gnu-tools-for-stm32.13.3.rel1.win32_1.0.100.202509120712/tools/bin/../lib/gcc/arm-none-eabi/13.3.1/../../../../arm-none-eabi/lib/thumb/v7e-m+fp/hard\libc_nano.a
END GROUP
START GROUP
LOAD C:/ST/STM32CubeIDE_1.19.0/STM32CubeIDE/plugins/com.st.stm32cube.ide.mcu.externaltools.gnu-tools-for-stm32.13.3.rel1.win32_1.0.100.202509120712/tools/bin/../lib/gcc/arm-none-eabi/13.3.1/thumb/v7e-m+fp/hard\libgcc.a
LOAD C:/ST/STM32CubeIDE_1.19.0/STM32CubeIDE/plugins/com.st.stm32cube.ide.mcu.externaltools.gnu-tools-for-stm32.13.3.rel1.win32_1.0.100.202509120712/tools/bin/../lib/gcc/arm-none-eabi/13.3.1/../../../../arm-none-eabi/lib/thumb/v7e-m+fp/hard\libc_nano.a
END GROUP
LOAD C:/ST/STM32CubeIDE_1.19.0/STM32CubeIDE/plugins/com.st.stm32cube.ide.mcu.externaltools.gnu-tools-for-stm32.13.3.rel1.win32_1.0.100.202509120712/tools/bin/../lib/gcc/arm-none-eabi/13.3.1/thumb/v7e-m+fp/hard/crtend.o
LOAD C:/ST/STM32CubeIDE_1.19.0/STM32CubeIDE/plugins/com.st.stm32cube.ide.mcu.externaltools.gnu-tools-for-stm32.13.3.rel1.win32_1.0.100.202509120712/tools/bin/../lib/gcc/arm-none-eabi/13.3.1/thumb/v7e-m+fp/hard/crtn.o
                0x20020000                        _estack = (ORIGIN (RAM) + LENGTH (RAM))
                0x00000200                        _Min_Heap_Size = 0x200
                0x00000400                        _Min_Stack_Size = 0x400

.isr_vector     0x08000000      0x198
                0x08000000                        . = ALIGN (0x4)
 *(.isr_vector)
 .isr_vector    0x08000000      0x198 CMakeFiles/Board_Test.dir/startup_stm32f411xe.s.obj
                0x08000000                g_pfnVectors
                0x08000198                        . = ALIGN (0x4)

.text           0x08000198      0x3b4
                0x08000198                        . = ALIGN (0x4)
 *(.text)
 .text          0x08000198       0x40 C:/ST/STM32CubeIDE_1.19.0/STM32CubeIDE/plugins/com.st.stm32cube.ide.mcu.externaltools.gnu-tools-for-stm32.13.3.rel1.win32_1.0.100.202509120712/tools/bin/../lib/gcc/arm-none-eabi/13.3.1/thumb/v7e-m+fp/hard/crtbegin.o
 *(.text*)
 .text.delay_ms
                0x080001d8       0x32 CMakeFiles/Board_Test.dir/Core/Src/main.c.obj
                0x080001d8                delay_ms
 *fill*         0x0800020a        0x2 
 .text.ADC_READ
                0x0800020c       0x34 CMakeFiles/Board_Test.dir/Core/Src/main.c.obj
                0x0800020c                ADC_READ
 .text.UART_READ
                0x08000240       0x28 CMakeFiles/Board_Test.dir/Core/Src/main.c.obj
                0x08000240                UART_READ
 .text.UART_SEND
                0x08000268       0x30 CMakeFiles/Board_Test.dir/Core/Src/main.c.obj
                0x08000268                UART_SEND
 .text.main     0x08000298      0x154 CMakeFiles/Board_Test.dir/Core/Src/main.c.obj
                0x08000298                main
 .text.NMI_Handler
                0x080003ec        0x8 CMakeFiles/Board_Test.dir/Core/Src/stm32f4xx_it.c.obj
                0x080003ec                NMI_Handler
 .text.HardFault_Handler
                0x080003f4        0x8 CMakeFiles/Board_Test.dir/Core/Src/stm32f4xx_it.c.obj
                0x080003f4                HardFault_Handler
 .text.MemManage_Handler
                0x080003fc        0x8 CMakeFiles/Board_Test.dir/Core/Src/stm32f4xx_it.c.obj
                0x080003fc                MemManage_Handler
 .text.BusFault_Handler
                0x08000404        0x8 CMakeFiles/Board_Test.dir/Core/Src/stm32f4xx_it.c.obj
                0x08000404                BusFault_Handler
 .text.UsageFault_Handler
                0x0800040c        0x8 CMakeFiles/Board_Test.dir/Core/Src/stm32f4xx_it.c.obj
                0x0800040c                UsageFault_Handler
 .text.SVC_Handler
                0x08000414        0xe CMakeFiles/Board_Test.dir/Core/Src/stm32f4xx_it.c.obj
                0x08000414                SVC_Handler
 .text.DebugMon_Handler
                0x08000422        0xe CMakeFiles/Board_Test.dir/Core/Src/stm32f4xx_it.c.obj
                0x08000422                DebugMon_Handler
 .text.PendSV_Handler
                0x08000430        0xe CMakeFiles/Board_Test.dir/Core/Src/stm32f4xx_it.c.obj
                0x08000430                PendSV_Handler
 .text.SysTick_Handler
                0x0800043e        0xc CMakeFiles/Board_Test.dir/Core/Src/stm32f4xx_it.c.obj
                0x0800043e                SysTick_Handler
 *fill*         0x0800044a        0x2 
 .text.Reset_Handler
                0x0800044c       0x50 CMakeFiles/Board_Test.dir/startup_stm32f411xe.s.obj
                0x0800044c                Reset_Handler
 .text.Default_Handler
                0x0800049c        0x2 CMakeFiles/Board_Test.dir/startup_stm32f411xe.s.obj
                0x0800049c                RTC_Alarm_IRQHandler
                0x0800049c                EXTI2_IRQHandler
                0x0800049c                SPI4_IRQHandler
                0x0800049c                TIM1_CC_IRQHandler
                0x0800049c                DMA2_Stream5_IRQHandler
                0x0800049c                DMA1_Stream5_IRQHandler
                0x0800049c                PVD_IRQHandler
                0x0800049c                SDIO_IRQHandler
                0x0800049c                TAMP_STAMP_IRQHandler
                0x0800049c                EXTI3_IRQHandler
                0x0800049c                TIM1_UP_TIM10_IRQHandler
                0x0800049c                I2C3_ER_IRQHandler
                0x0800049c                EXTI0_IRQHandler
                0x0800049c                I2C2_EV_IRQHandler
                0x0800049c                DMA1_Stream2_IRQHandler
                0x0800049c                FPU_IRQHandler
                0x0800049c                DMA2_Stream2_IRQHandler
                0x0800049c                SPI1_IRQHandler
                0x0800049c                TIM1_BRK_TIM9_IRQHandler
                0x0800049c                DMA2_Stream3_IRQHandler
                0x0800049c                USART6_IRQHandler
                0x0800049c                DMA2_Stream0_IRQHandler
                0x0800049c                TIM4_IRQHandler
                0x0800049c                I2C1_EV_IRQHandler
                0x0800049c                DMA1_Stream6_IRQHandler
                0x0800049c                DMA1_Stream1_IRQHandler
                0x0800049c                TIM3_IRQHandler
                0x0800049c                RCC_IRQHandler
                0x0800049c                Default_Handler
                0x0800049c                EXTI15_10_IRQHandler
                0x0800049c                ADC_IRQHandler
                0x0800049c                DMA1_Stream7_IRQHandler
                0x0800049c                SPI5_IRQHandler
                0x0800049c                TIM5_IRQHandler
                0x0800049c                DMA2_Stream7_IRQHandler
                0x0800049c                I2C3_EV_IRQHandler
                0x0800049c                EXTI9_5_IRQHandler
                0x0800049c                RTC_WKUP_IRQHandler
                0x0800049c                SPI2_IRQHandler
                0x0800049c                DMA1_Stream0_IRQHandler
                0x0800049c                EXTI4_IRQHandler
                0x0800049c                WWDG_IRQHandler
                0x0800049c                TIM2_IRQHandler
                0x0800049c                OTG_FS_WKUP_IRQHandler
                0x0800049c                TIM1_TRG_COM_TIM11_IRQHandler
                0x0800049c                EXTI1_IRQHandler
                0x0800049c                USART2_IRQHandler
                0x0800049c                I2C2_ER_IRQHandler
                0x0800049c                DMA2_Stream1_IRQHandler
                0x0800049c                FLASH_IRQHandler
                0x0800049c                DMA2_Stream4_IRQHandler
                0x0800049c                USART1_IRQHandler
                0x0800049c                OTG_FS_IRQHandler
                0x0800049c                SPI3_IRQHandler
                0x0800049c                DMA1_Stream4_IRQHandler
                0x0800049c                I2C1_ER_IRQHandler
                0x0800049c                DMA2_Stream6_IRQHandler
                0x0800049c                DMA1_Stream3_IRQHandler
 *fill*         0x0800049e        0x2 
 .text.SystemInit
                0x080004a0       0x24 C:/Users/Ahmed Izzat/Downloads/SKEE_3223/Board_Test/config_default/cmake/stm32cubemx/CMakeFiles/STM32_Drivers.dir/__/__/Core/Src/system_stm32f4xx.c.obj
                0x080004a0                SystemInit
 .text.HAL_IncTick
                0x080004c4       0x28 C:/Users/Ahmed Izzat/Downloads/SKEE_3223/Board_Test/config_default/cmake/stm32cubemx/CMakeFiles/STM32_Drivers.dir/__/__/Drivers/STM32F4xx_HAL_Driver/Src/stm32f4xx_hal.c.obj
                0x080004c4                HAL_IncTick
 .text.__libc_init_array
                0x080004ec       0x48 C:/ST/STM32CubeIDE_1.19.0/STM32CubeIDE/plugins/com.st.stm32cube.ide.mcu.externaltools.gnu-tools-for-stm32.13.3.rel1.win32_1.0.100.202509120712/tools/bin/../lib/gcc/arm-none-eabi/13.3.1/../../../../arm-none-eabi/lib/thumb/v7e-m+fp/hard\libg_nano.a(libc_a-init.o)
                0x080004ec                __libc_init_array
 *(.glue_7)
 .glue_7        0x08000534        0x0 linker stubs
 *(.glue_7t)
 .glue_7t       0x08000534        0x0 linker stubs
 *(.eh_frame)
 .eh_frame      0x08000534        0x0 C:/ST/STM32CubeIDE_1.19.0/STM32CubeIDE/plugins/com.st.stm32cube.ide.mcu.externaltools.gnu-tools-for-stm32.13.3.rel1.win32_1.0.100.202509120712/tools/bin/../lib/gcc/arm-none-eabi/13.3.1/thumb/v7e-m+fp/hard/crtbegin.o
 *(.init)
 .init          0x08000534        0x4 C:/ST/STM32CubeIDE_1.19.0/STM32CubeIDE/plugins/com.st.stm32cube.ide.mcu.externaltools.gnu-tools-for-stm32.13.3.rel1.win32_1.0.100.202509120712/tools/bin/../lib/gcc/arm-none-eabi/13.3.1/thumb/v7e-m+fp/hard/crti.o
                0x08000534                _init
 .init          0x08000538        0x8 C:/ST/STM32CubeIDE_1.19.0/STM32CubeIDE/plugins/com.st.stm32cube.ide.mcu.externaltools.gnu-tools-for-stm32.13.3.rel1.win32_1.0.100.202509120712/tools/bin/../lib/gcc/arm-none-eabi/13.3.1/thumb/v7e-m+fp/hard/crtn.o
 *(.fini)
 .fini          0x08000540        0x4 C:/ST/STM32CubeIDE_1.19.0/STM32CubeIDE/plugins/com.st.stm32cube.ide.mcu.externaltools.gnu-tools-for-stm32.13.3.rel1.win32_1.0.100.202509120712/tools/bin/../lib/gcc/arm-none-eabi/13.3.1/thumb/v7e-m+fp/hard/crti.o
                0x08000540                _fini
 .fini          0x08000544        0x8 C:/ST/STM32CubeIDE_1.19.0/STM32CubeIDE/plugins/com.st.stm32cube.ide.mcu.externaltools.gnu-tools-for-stm32.13.3.rel1.win32_1.0.100.202509120712/tools/bin/../lib/gcc/arm-none-eabi/13.3.1/thumb/v7e-m+fp/hard/crtn.o
                0x0800054c                        . = ALIGN (0x4)
                0x0800054c                        _etext = .

.vfp11_veneer   0x0800054c        0x0
 .vfp11_veneer  0x0800054c        0x0 linker stubs

.v4_bx          0x0800054c        0x0
 .v4_bx         0x0800054c        0x0 linker stubs

.iplt           0x0800054c        0x0
 .iplt          0x0800054c        0x0 C:/ST/STM32CubeIDE_1.19.0/STM32CubeIDE/plugins/com.st.stm32cube.ide.mcu.externaltools.gnu-tools-for-stm32.13.3.rel1.win32_1.0.100.202509120712/tools/bin/../lib/gcc/arm-none-eabi/13.3.1/thumb/v7e-m+fp/hard/crtbegin.o

.rodata         0x0800054c        0x0
                0x0800054c                        . = ALIGN (0x4)
 *(.rodata)
 *(.rodata*)
                0x0800054c                        . = ALIGN (0x4)

.ARM.extab      0x0800054c        0x0
                0x0800054c                        . = ALIGN (0x4)
 *(.ARM.extab* .gnu.linkonce.armextab.*)
                0x0800054c                        . = ALIGN (0x4)

.ARM            0x0800054c        0x0
                0x0800054c                        . = ALIGN (0x4)
                0x0800054c                        __exidx_start = .
 *(.ARM.exidx*)
                0x0800054c                        __exidx_end = .
                0x0800054c                        . = ALIGN (0x4)

.preinit_array  0x0800054c        0x0
                0x0800054c                        . = ALIGN (0x4)
                0x0800054c                        PROVIDE (__preinit_array_start = .)
 *(.preinit_array*)
                0x0800054c                        PROVIDE (__preinit_array_end = .)
                0x0800054c                        . = ALIGN (0x4)

.init_array     0x0800054c        0x4
                0x0800054c                        . = ALIGN (0x4)
                0x0800054c                        PROVIDE (__init_array_start = .)
 *(SORT_BY_NAME(.init_array.*))
 *(.init_array*)
 .init_array    0x0800054c        0x4 C:/ST/STM32CubeIDE_1.19.0/STM32CubeIDE/plugins/com.st.stm32cube.ide.mcu.externaltools.gnu-tools-for-stm32.13.3.rel1.win32_1.0.100.202509120712/tools/bin/../lib/gcc/arm-none-eabi/13.3.1/thumb/v7e-m+fp/hard/crtbegin.o
                0x08000550                        PROVIDE (__init_array_end = .)
                0x08000550                        . = ALIGN (0x4)

.fini_array     0x08000550        0x4
                0x08000550                        . = ALIGN (0x4)
                [!provide]                        PROVIDE (__fini_array_start = .)
 *(SORT_BY_NAME(.fini_array.*))
 *(.fini_array*)
 .fini_array    0x08000550        0x4 C:/ST/STM32CubeIDE_1.19.0/STM32CubeIDE/plugins/com.st.stm32cube.ide.mcu.externaltools.gnu-tools-for-stm32.13.3.rel1.win32_1.0.100.202509120712/tools/bin/../lib/gcc/arm-none-eabi/13.3.1/thumb/v7e-m+fp/hard/crtbegin.o
                [!provide]                        PROVIDE (__fini_array_end = .)
                0x08000554                        . = ALIGN (0x4)
                0x08000554                        _sidata = LOADADDR (.data)

.rel.dyn        0x08000554        0x0
 .rel.iplt      0x08000554        0x0 C:/ST/STM32CubeIDE_1.19.0/STM32CubeIDE/plugins/com.st.stm32cube.ide.mcu.externaltools.gnu-tools-for-stm32.13.3.rel1.win32_1.0.100.202509120712/tools/bin/../lib/gcc/arm-none-eabi/13.3.1/thumb/v7e-m+fp/hard/crtbegin.o

.data           0x20000000        0x4 load address 0x08000554
                0x20000000                        . = ALIGN (0x4)
                0x20000000                        _sdata = .
 *(.data)
 *(.data*)
 .data.uwTickFreq
                0x20000000        0x1 C:/Users/Ahmed Izzat/Downloads/SKEE_3223/Board_Test/config_default/cmake/stm32cubemx/CMakeFiles/STM32_Drivers.dir/__/__/Drivers/STM32F4xx_HAL_Driver/Src/stm32f4xx_hal.c.obj
                0x20000000                uwTickFreq
 *(.RamFunc)
 *(.RamFunc*)
                0x20000004                        . = ALIGN (0x4)
 *fill*         0x20000001        0x3 

.igot.plt       0x20000004        0x0 load address 0x08000558
 .igot.plt      0x20000004        0x0 C:/ST/STM32CubeIDE_1.19.0/STM32CubeIDE/plugins/com.st.stm32cube.ide.mcu.externaltools.gnu-tools-for-stm32.13.3.rel1.win32_1.0.100.202509120712/tools/bin/../lib/gcc/arm-none-eabi/13.3.1/thumb/v7e-m+fp/hard/crtbegin.o

.tdata          0x20000004        0x0 load address 0x08000558
 *(.tdata .tdata.* .gnu.linkonce.td.*)
                0x20000004                        . = ALIGN (0x4)
                0x20000004                        _edata = .
                [!provide]                        PROVIDE (__data_end = .)
                [!provide]                        PROVIDE (__tdata_end = .)
                [!provide]                        PROVIDE (__tdata_start = ADDR (.tdata))
                [!provide]                        PROVIDE (__tdata_size = (__tdata_end - __tdata_start))
                [!provide]                        PROVIDE (__data_start = ADDR (.data))
                [!provide]                        PROVIDE (__data_size = (__data_end - __data_start))
                [!provide]                        PROVIDE (__tdata_source = LOADADDR (.tdata))
                [!provide]                        PROVIDE (__tdata_source_end = (LOADADDR (.tdata) + SIZEOF (.tdata)))
                [!provide]                        PROVIDE (__tdata_source_size = (__tdata_source_end - __tdata_source))
                [!provide]                        PROVIDE (__data_source = LOADADDR (.data))
                [!provide]                        PROVIDE (__data_source_end = __tdata_source_end)
                [!provide]                        PROVIDE (__data_source_size = (__data_source_end - __data_source))

.tbss           0x20000004        0x0 load address 0x08000558
                0x20000004                        _sbss = .
                0x20000004                        __bss_start__ = _sbss
 *(.tbss .tbss.*)
                0x20000004                        . = ALIGN (0x4)
                [!provide]                        PROVIDE (__tbss_end = .)
                [!provide]                        PROVIDE (__tbss_start = ADDR (.tbss))
                [!provide]                        PROVIDE (__tbss_size = (__tbss_end - __tbss_start))
                [!provide]                        PROVIDE (__tbss_offset = (ADDR (.tbss) - ADDR (.tdata)))
                [!provide]                        PROVIDE (__tls_base = __tdata_start)
                [!provide]                        PROVIDE (__tls_end = __tbss_end)
                [!provide]                        PROVIDE (__tls_size = (__tls_end - __tls_base))
                [!provide]                        PROVIDE (__tls_align = MAX (ALIGNOF (.tdata), ALIGNOF (.tbss)))
                [!provide]                        PROVIDE (__tls_size_align = (((__tls_size + __tls_align) - 0x1) & ~ ((__tls_align - 0x1))))
                [!provide]                        PROVIDE (__arm32_tls_tcb_offset = MAX (0x8, __tls_align))
                [!provide]                        PROVIDE (__arm64_tls_tcb_offset = MAX (0x10, __tls_align))

.bss            0x20000004       0x24 load address 0x08000558
 *(.bss)
 .bss           0x20000004       0x1c C:/ST/STM32CubeIDE_1.19.0/STM32CubeIDE/plugins/com.st.stm32cube.ide.mcu.externaltools.gnu-tools-for-stm32.13.3.rel1.win32_1.0.100.202509120712/tools/bin/../lib/gcc/arm-none-eabi/13.3.1/thumb/v7e-m+fp/hard/crtbegin.o
 *(.bss*)
 .bss.ADC_Cval  0x20000020        0x2 CMakeFiles/Board_Test.dir/Core/Src/main.c.obj
                0x20000020                ADC_Cval
 .bss.UART_MSG  0x20000022        0x1 CMakeFiles/Board_Test.dir/Core/Src/main.c.obj
                0x20000022                UART_MSG
 *fill*         0x20000023        0x1 
 .bss.uwTick    0x20000024        0x4 C:/Users/Ahmed Izzat/Downloads/SKEE_3223/Board_Test/config_default/cmake/stm32cubemx/CMakeFiles/STM32_Drivers.dir/__/__/Drivers/STM32F4xx_HAL_Driver/Src/stm32f4xx_hal.c.obj
                0x20000024                uwTick
 *(COMMON)
                0x20000028                        . = ALIGN (0x4)
                0x20000028                        _ebss = .
                0x20000028                        __bss_end__ = _ebss
                [!provide]                        PROVIDE (__bss_end = .)
                [!provide]                        PROVIDE (__non_tls_bss_start = ADDR (.bss))
                [!provide]                        PROVIDE (__bss_start = __tbss_start)
                [!provide]                        PROVIDE (__bss_size = (__bss_end - __bss_start))

._user_heap_stack
                0x20000028      0x600 load address 0x08000558
                0x20000028                        . = ALIGN (0x8)
                [!provide]                        PROVIDE (end = .)
                0x20000028                        PROVIDE (_end = .)
                0x20000228                        . = (. + _Min_Heap_Size)
 *fill*         0x20000028      0x200 
                0x20000628                        . = (. + _Min_Stack_Size)
 *fill*         0x20000228      0x400 
                0x20000628                        . = ALIGN (0x8)

/DISCARD/
 libc.a:*(*)
 libm.a:*(*)
 libgcc.a:*(*)
OUTPUT(Board_Test.elf elf32-littlearm)
LOAD linker stubs

.ARM.attributes
                0x00000000       0x30
 .ARM.attributes
                0x00000000       0x22 C:/ST/STM32CubeIDE_1.19.0/STM32CubeIDE/plugins/com.st.stm32cube.ide.mcu.externaltools.gnu-tools-for-stm32.13.3.rel1.win32_1.0.100.202509120712/tools/bin/../lib/gcc/arm-none-eabi/13.3.1/thumb/v7e-m+fp/hard/crti.o
 .ARM.attributes
                0x00000022       0x34 C:/ST/STM32CubeIDE_1.19.0/STM32CubeIDE/plugins/com.st.stm32cube.ide.mcu.externaltools.gnu-tools-for-stm32.13.3.rel1.win32_1.0.100.202509120712/tools/bin/../lib/gcc/arm-none-eabi/13.3.1/thumb/v7e-m+fp/hard/crtbegin.o
 .ARM.attributes
                0x00000056       0x34 CMakeFiles/Board_Test.dir/Core/Src/main.c.obj
 .ARM.attributes
                0x0000008a       0x34 CMakeFiles/Board_Test.dir/Core/Src/stm32f4xx_it.c.obj
 .ARM.attributes
                0x000000be       0x21 CMakeFiles/Board_Test.dir/startup_stm32f411xe.s.obj
 .ARM.attributes
                0x000000df       0x34 C:/Users/Ahmed Izzat/Downloads/SKEE_3223/Board_Test/config_default/cmake/stm32cubemx/CMakeFiles/STM32_Drivers.dir/__/__/Core/Src/system_stm32f4xx.c.obj
 .ARM.attributes
                0x00000113       0x34 C:/Users/Ahmed Izzat/Downloads/SKEE_3223/Board_Test/config_default/cmake/stm32cubemx/CMakeFiles/STM32_Drivers.dir/__/__/Drivers/STM32F4xx_HAL_Driver/Src/stm32f4xx_hal.c.obj
 .ARM.attributes
                0x00000147       0x34 C:/ST/STM32CubeIDE_1.19.0/STM32CubeIDE/plugins/com.st.stm32cube.ide.mcu.externaltools.gnu-tools-for-stm32.13.3.rel1.win32_1.0.100.202509120712/tools/bin/../lib/gcc/arm-none-eabi/13.3.1/../../../../arm-none-eabi/lib/thumb/v7e-m+fp/hard\libg_nano.a(libc_a-init.o)
 .ARM.attributes
                0x0000017b       0x22 C:/ST/STM32CubeIDE_1.19.0/STM32CubeIDE/plugins/com.st.stm32cube.ide.mcu.externaltools.gnu-tools-for-stm32.13.3.rel1.win32_1.0.100.202509120712/tools/bin/../lib/gcc/arm-none-eabi/13.3.1/thumb/v7e-m+fp/hard/crtn.o

.comment        0x00000000       0x43
 .comment       0x00000000       0x43 CMakeFiles/Board_Test.dir/Core/Src/main.c.obj
                                 0x44 (size before relaxing)
 .comment       0x00000043        0x0 CMakeFiles/Board_Test.dir/Core/Src/stm32f4xx_it.c.obj
                                 0x44 (size before relaxing)
 .comment       0x00000043        0x0 C:/Users/Ahmed Izzat/Downloads/SKEE_3223/Board_Test/config_default/cmake/stm32cubemx/CMakeFiles/STM32_Drivers.dir/__/__/Core/Src/system_stm32f4xx.c.obj
                                 0x44 (size before relaxing)
 .comment       0x00000043        0x0 C:/Users/Ahmed Izzat/Downloads/SKEE_3223/Board_Test/config_default/cmake/stm32cubemx/CMakeFiles/STM32_Drivers.dir/__/__/Drivers/STM32F4xx_HAL_Driver/Src/stm32f4xx_hal.c.obj
                                 0x44 (size before relaxing)
 .comment       0x00000043        0x0 C:/ST/STM32CubeIDE_1.19.0/STM32CubeIDE/plugins/com.st.stm32cube.ide.mcu.externaltools.gnu-tools-for-stm32.13.3.rel1.win32_1.0.100.202509120712/tools/bin/../lib/gcc/arm-none-eabi/13.3.1/../../../../arm-none-eabi/lib/thumb/v7e-m+fp/hard\libg_nano.a(libc_a-init.o)
                                 0x44 (size before relaxing)

.debug_info     0x00000000     0x1586
 .debug_info    0x00000000      0x537 CMakeFiles/Board_Test.dir/Core/Src/main.c.obj
 .debug_info    0x00000537      0x112 CMakeFiles/Board_Test.dir/Core/Src/stm32f4xx_it.c.obj
 .debug_info    0x00000649       0x30 CMakeFiles/Board_Test.dir/startup_stm32f411xe.s.obj
 .debug_info    0x00000679      0x53e C:/Users/Ahmed Izzat/Downloads/SKEE_3223/Board_Test/config_default/cmake/stm32cubemx/CMakeFiles/STM32_Drivers.dir/__/__/Core/Src/system_stm32f4xx.c.obj
 .debug_info    0x00000bb7      0x8c4 C:/Users/Ahmed Izzat/Downloads/SKEE_3223/Board_Test/config_default/cmake/stm32cubemx/CMakeFiles/STM32_Drivers.dir/__/__/Drivers/STM32F4xx_HAL_Driver/Src/stm32f4xx_hal.c.obj
 .debug_info    0x0000147b      0x10b C:/ST/STM32CubeIDE_1.19.0/STM32CubeIDE/plugins/com.st.stm32cube.ide.mcu.externaltools.gnu-tools-for-stm32.13.3.rel1.win32_1.0.100.202509120712/tools/bin/../lib/gcc/arm-none-eabi/13.3.1/../../../../arm-none-eabi/lib/thumb/v7e-m+fp/hard\libg_nano.a(libc_a-init.o)

.debug_abbrev   0x00000000      0x664
 .debug_abbrev  0x00000000      0x19f CMakeFiles/Board_Test.dir/Core/Src/main.c.obj
 .debug_abbrev  0x0000019f       0x73 CMakeFiles/Board_Test.dir/Core/Src/stm32f4xx_it.c.obj
 .debug_abbrev  0x00000212       0x24 CMakeFiles/Board_Test.dir/startup_stm32f411xe.s.obj
 .debug_abbrev  0x00000236      0x11a C:/Users/Ahmed Izzat/Downloads/SKEE_3223/Board_Test/config_default/cmake/stm32cubemx/CMakeFiles/STM32_Drivers.dir/__/__/Core/Src/system_stm32f4xx.c.obj
 .debug_abbrev  0x00000350      0x24b C:/Users/Ahmed Izzat/Downloads/SKEE_3223/Board_Test/config_default/cmake/stm32cubemx/CMakeFiles/STM32_Drivers.dir/__/__/Drivers/STM32F4xx_HAL_Driver/Src/stm32f4xx_hal.c.obj
 .debug_abbrev  0x0000059b       0xc9 C:/ST/STM32CubeIDE_1.19.0/STM32CubeIDE/plugins/com.st.stm32cube.ide.mcu.externaltools.gnu-tools-for-stm32.13.3.rel1.win32_1.0.100.202509120712/tools/bin/../lib/gcc/arm-none-eabi/13.3.1/../../../../arm-none-eabi/lib/thumb/v7e-m+fp/hard\libg_nano.a(libc_a-init.o)

.debug_aranges  0x00000000      0x200
 .debug_aranges
                0x00000000       0x40 CMakeFiles/Board_Test.dir/Core/Src/main.c.obj
 .debug_aranges
                0x00000040       0x60 CMakeFiles/Board_Test.dir/Core/Src/stm32f4xx_it.c.obj
 .debug_aranges
                0x000000a0       0x28 CMakeFiles/Board_Test.dir/startup_stm32f411xe.s.obj
 .debug_aranges
                0x000000c8       0x28 C:/Users/Ahmed Izzat/Downloads/SKEE_3223/Board_Test/config_default/cmake/stm32cubemx/CMakeFiles/STM32_Drivers.dir/__/__/Core/Src/system_stm32f4xx.c.obj
 .debug_aranges
                0x000000f0       0xf0 C:/Users/Ahmed Izzat/Downloads/SKEE_3223/Board_Test/config_default/cmake/stm32cubemx/CMakeFiles/STM32_Drivers.dir/__/__/Drivers/STM32F4xx_HAL_Driver/Src/stm32f4xx_hal.c.obj
 .debug_aranges
                0x000001e0       0x20 C:/ST/STM32CubeIDE_1.19.0/STM32CubeIDE/plugins/com.st.stm32cube.ide.mcu.externaltools.gnu-tools-for-stm32.13.3.rel1.win32_1.0.100.202509120712/tools/bin/../lib/gcc/arm-none-eabi/13.3.1/../../../../arm-none-eabi/lib/thumb/v7e-m+fp/hard\libg_nano.a(libc_a-init.o)

.debug_rnglists
                0x00000000      0x164
 .debug_rnglists
                0x00000000       0x2c CMakeFiles/Board_Test.dir/Core/Src/main.c.obj
 .debug_rnglists
                0x0000002c       0x43 CMakeFiles/Board_Test.dir/Core/Src/stm32f4xx_it.c.obj
 .debug_rnglists
                0x0000006f       0x19 CMakeFiles/Board_Test.dir/startup_stm32f411xe.s.obj
 .debug_rnglists
                0x00000088       0x1a C:/Users/Ahmed Izzat/Downloads/SKEE_3223/Board_Test/config_default/cmake/stm32cubemx/CMakeFiles/STM32_Drivers.dir/__/__/Core/Src/system_stm32f4xx.c.obj
 .debug_rnglists
                0x000000a2       0xaf C:/Users/Ahmed Izzat/Downloads/SKEE_3223/Board_Test/config_default/cmake/stm32cubemx/CMakeFiles/STM32_Drivers.dir/__/__/Drivers/STM32F4xx_HAL_Driver/Src/stm32f4xx_hal.c.obj
 .debug_rnglists
                0x00000151       0x13 C:/ST/STM32CubeIDE_1.19.0/STM32CubeIDE/plugins/com.st.stm32cube.ide.mcu.externaltools.gnu-tools-for-stm32.13.3.rel1.win32_1.0.100.202509120712/tools/bin/../lib/gcc/arm-none-eabi/13.3.1/../../../../arm-none-eabi/lib/thumb/v7e-m+fp/hard\libg_nano.a(libc_a-init.o)

.debug_macro    0x00000000    0x13caf
 .debug_macro   0x00000000      0x1b0 CMakeFiles/Board_Test.dir/Core/Src/main.c.obj
 .debug_macro   0x000001b0      0xad8 CMakeFiles/Board_Test.dir/Core/Src/main.c.obj
 .debug_macro   0x00000c88       0x2e CMakeFiles/Board_Test.dir/Core/Src/main.c.obj
 .debug_macro   0x00000cb6       0x28 CMakeFiles/Board_Test.dir/Core/Src/main.c.obj
 .debug_macro   0x00000cde       0x22 CMakeFiles/Board_Test.dir/Core/Src/main.c.obj
 .debug_macro   0x00000d00       0x8e CMakeFiles/Board_Test.dir/Core/Src/main.c.obj
 .debug_macro   0x00000d8e       0x51 CMakeFiles/Board_Test.dir/Core/Src/main.c.obj
 .debug_macro   0x00000ddf      0x103 CMakeFiles/Board_Test.dir/Core/Src/main.c.obj
 .debug_macro   0x00000ee2       0x6a CMakeFiles/Board_Test.dir/Core/Src/main.c.obj
 .debug_macro   0x00000f4c      0x1df CMakeFiles/Board_Test.dir/Core/Src/main.c.obj
 .debug_macro   0x0000112b       0x1c CMakeFiles/Board_Test.dir/Core/Src/main.c.obj
 .debug_macro   0x00001147       0x22 CMakeFiles/Board_Test.dir/Core/Src/main.c.obj
 .debug_macro   0x00001169       0xfb CMakeFiles/Board_Test.dir/Core/Src/main.c.obj
 .debug_macro   0x00001264     0x1011 CMakeFiles/Board_Test.dir/Core/Src/main.c.obj
 .debug_macro   0x00002275      0x11f CMakeFiles/Board_Test.dir/Core/Src/main.c.obj
 .debug_macro   0x00002394     0xb968 CMakeFiles/Board_Test.dir/Core/Src/main.c.obj
 .debug_macro   0x0000dcfc       0x6d CMakeFiles/Board_Test.dir/Core/Src/main.c.obj
 .debug_macro   0x0000dd69      0x28f CMakeFiles/Board_Test.dir/Core/Src/main.c.obj
 .debug_macro   0x0000dff8     0x3693 CMakeFiles/Board_Test.dir/Core/Src/main.c.obj
 .debug_macro   0x0001168b      0x190 CMakeFiles/Board_Test.dir/Core/Src/main.c.obj
 .debug_macro   0x0001181b       0x5c CMakeFiles/Board_Test.dir/Core/Src/main.c.obj
 .debug_macro   0x00011877      0x45c CMakeFiles/Board_Test.dir/Core/Src/main.c.obj
 .debug_macro   0x00011cd3      0x9e9 CMakeFiles/Board_Test.dir/Core/Src/main.c.obj
 .debug_macro   0x000126bc      0x115 CMakeFiles/Board_Test.dir/Core/Src/main.c.obj
 .debug_macro   0x000127d1      0x11b CMakeFiles/Board_Test.dir/Core/Src/main.c.obj
 .debug_macro   0x000128ec       0xa5 CMakeFiles/Board_Test.dir/Core/Src/main.c.obj
 .debug_macro   0x00012991      0x15f CMakeFiles/Board_Test.dir/Core/Src/main.c.obj
 .debug_macro   0x00012af0      0x287 CMakeFiles/Board_Test.dir/Core/Src/main.c.obj
 .debug_macro   0x00012d77       0x5f CMakeFiles/Board_Test.dir/Core/Src/main.c.obj
 .debug_macro   0x00012dd6      0x236 CMakeFiles/Board_Test.dir/Core/Src/main.c.obj
 .debug_macro   0x0001300c      0x132 CMakeFiles/Board_Test.dir/Core/Src/main.c.obj
 .debug_macro   0x0001313e      0x264 CMakeFiles/Board_Test.dir/Core/Src/main.c.obj
 .debug_macro   0x000133a2       0x2e CMakeFiles/Board_Test.dir/Core/Src/main.c.obj
 .debug_macro   0x000133d0      0x127 CMakeFiles/Board_Test.dir/Core/Src/main.c.obj
 .debug_macro   0x000134f7       0x85 CMakeFiles/Board_Test.dir/Core/Src/main.c.obj
 .debug_macro   0x0001357c       0x89 CMakeFiles/Board_Test.dir/Core/Src/main.c.obj
 .debug_macro   0x00013605      0x126 CMakeFiles/Board_Test.dir/Core/Src/main.c.obj
 .debug_macro   0x0001372b      0x1c4 CMakeFiles/Board_Test.dir/Core/Src/stm32f4xx_it.c.obj
 .debug_macro   0x000138ef      0x1b0 C:/Users/Ahmed Izzat/Downloads/SKEE_3223/Board_Test/config_default/cmake/stm32cubemx/CMakeFiles/STM32_Drivers.dir/__/__/Core/Src/system_stm32f4xx.c.obj
 .debug_macro   0x00013a9f      0x210 C:/Users/Ahmed Izzat/Downloads/SKEE_3223/Board_Test/config_default/cmake/stm32cubemx/CMakeFiles/STM32_Drivers.dir/__/__/Drivers/STM32F4xx_HAL_Driver/Src/stm32f4xx_hal.c.obj

.debug_line     0x00000000     0x29e0
 .debug_line    0x00000000      0x9f6 CMakeFiles/Board_Test.dir/Core/Src/main.c.obj
 .debug_line    0x000009f6      0x952 CMakeFiles/Board_Test.dir/Core/Src/stm32f4xx_it.c.obj
 .debug_line    0x00001348       0x7a CMakeFiles/Board_Test.dir/startup_stm32f411xe.s.obj
 .debug_line    0x000013c2      0x919 C:/Users/Ahmed Izzat/Downloads/SKEE_3223/Board_Test/config_default/cmake/stm32cubemx/CMakeFiles/STM32_Drivers.dir/__/__/Core/Src/system_stm32f4xx.c.obj
 .debug_line    0x00001cdb      0xb95 C:/Users/Ahmed Izzat/Downloads/SKEE_3223/Board_Test/config_default/cmake/stm32cubemx/CMakeFiles/STM32_Drivers.dir/__/__/Drivers/STM32F4xx_HAL_Driver/Src/stm32f4xx_hal.c.obj
 .debug_line    0x00002870      0x170 C:/ST/STM32CubeIDE_1.19.0/STM32CubeIDE/plugins/com.st.stm32cube.ide.mcu.externaltools.gnu-tools-for-stm32.13.3.rel1.win32_1.0.100.202509120712/tools/bin/../lib/gcc/arm-none-eabi/13.3.1/../../../../arm-none-eabi/lib/thumb/v7e-m+fp/hard\libg_nano.a(libc_a-init.o)

.debug_str      0x00000000    0x7efd5
 .debug_str     0x00000000    0x7efd5 CMakeFiles/Board_Test.dir/Core/Src/main.c.obj
                              0x7e379 (size before relaxing)
 .debug_str     0x0007efd5        0x0 CMakeFiles/Board_Test.dir/Core/Src/stm32f4xx_it.c.obj
                              0x7e210 (size before relaxing)
 .debug_str     0x0007efd5        0x0 CMakeFiles/Board_Test.dir/startup_stm32f411xe.s.obj
                                 0xa9 (size before relaxing)
 .debug_str     0x0007efd5        0x0 C:/Users/Ahmed Izzat/Downloads/SKEE_3223/Board_Test/config_default/cmake/stm32cubemx/CMakeFiles/STM32_Drivers.dir/__/__/Core/Src/system_stm32f4xx.c.obj
                              0x7e35e (size before relaxing)
 .debug_str     0x0007efd5        0x0 C:/Users/Ahmed Izzat/Downloads/SKEE_3223/Board_Test/config_default/cmake/stm32cubemx/CMakeFiles/STM32_Drivers.dir/__/__/Drivers/STM32F4xx_HAL_Driver/Src/stm32f4xx_hal.c.obj
                              0x7ed8a (size before relaxing)
 .debug_str     0x0007efd5        0x0 C:/ST/STM32CubeIDE_1.19.0/STM32CubeIDE/plugins/com.st.stm32cube.ide.mcu.externaltools.gnu-tools-for-stm32.13.3.rel1.win32_1.0.100.202509120712/tools/bin/../lib/gcc/arm-none-eabi/13.3.1/../../../../arm-none-eabi/lib/thumb/v7e-m+fp/hard\libg_nano.a(libc_a-init.o)
                                0x272 (size before relaxing)

.debug_frame    0x00000000      0x5bc
 .debug_frame   0x00000000       0xc0 CMakeFiles/Board_Test.dir/Core/Src/main.c.obj
 .debug_frame   0x000000c0      0x104 CMakeFiles/Board_Test.dir/Core/Src/stm32f4xx_it.c.obj
 .debug_frame   0x000001c4       0x58 C:/Users/Ahmed Izzat/Downloads/SKEE_3223/Board_Test/config_default/cmake/stm32cubemx/CMakeFiles/STM32_Drivers.dir/__/__/Core/Src/system_stm32f4xx.c.obj
 .debug_frame   0x0000021c      0x374 C:/Users/Ahmed Izzat/Downloads/SKEE_3223/Board_Test/config_default/cmake/stm32cubemx/CMakeFiles/STM32_Drivers.dir/__/__/Drivers/STM32F4xx_HAL_Driver/Src/stm32f4xx_hal.c.obj
 .debug_frame   0x00000590       0x2c C:/ST/STM32CubeIDE_1.19.0/STM32CubeIDE/plugins/com.st.stm32cube.ide.mcu.externaltools.gnu-tools-for-stm32.13.3.rel1.win32_1.0.100.202509120712/tools/bin/../lib/gcc/arm-none-eabi/13.3.1/../../../../arm-none-eabi/lib/thumb/v7e-m+fp/hard\libg_nano.a(libc_a-init.o)

.debug_line_str
                0x00000000       0x8d
 .debug_line_str
                0x00000000       0x8d CMakeFiles/Board_Test.dir/startup_stm32f411xe.s.obj

.debug_loclists
                0x00000000       0x44
 .debug_loclists
                0x00000000       0x44 C:/ST/STM32CubeIDE_1.19.0/STM32CubeIDE/plugins/com.st.stm32cube.ide.mcu.externaltools.gnu-tools-for-stm32.13.3.rel1.win32_1.0.100.202509120712/tools/bin/../lib/gcc/arm-none-eabi/13.3.1/../../../../arm-none-eabi/lib/thumb/v7e-m+fp/hard\libg_nano.a(libc_a-init.o)
